src/app/cast/[id]/page.tsx(541,8): error TS1128: Declaration or statement expected.
src/app/cast/[id]/page.tsx(892,3): error TS1128: Declaration or statement expected.
src/app/cast/[id]/page.tsx(892,4): error TS1128: Declaration or statement expected.
src/app/cast/[id]/page.tsx(892,16): error TS1005: ';' expected.
src/app/cast/[id]/page.tsx(2818,1): error TS1128: Declaration or statement expected.
